-- Found ament_cmake: 1.3.11 (/opt/ros/humble/share/ament_cmake/cmake)
-- Found rclcpp: 16.0.11 (/opt/ros/humble/share/rclcpp/cmake)
-- Found rosidl_generator_c: 3.1.6 (/opt/ros/humble/share/rosidl_generator_c/cmake)
-- Found rosidl_adapter: 3.1.6 (/opt/ros/humble/share/rosidl_adapter/cmake)
-- Found rosidl_generator_cpp: 3.1.6 (/opt/ros/humble/share/rosidl_generator_cpp/cmake)
-- Using all available rosidl_typesupport_c: rosidl_typesupport_fastrtps_c;rosidl_typesupport_introspection_c
-- Using all available rosidl_typesupport_cpp: rosidl_typesupport_fastrtps_cpp;rosidl_typesupport_introspection_cpp
-- Found rmw_implementation_cmake: 6.1.2 (/opt/ros/humble/share/rmw_implementation_cmake/cmake)
-- Found rmw_fastrtps_cpp: 6.2.7 (/opt/ros/humble/share/rmw_fastrtps_cpp/cmake)
-- Using RMW implementation 'rmw_fastrtps_cpp' as default
-- Found rinbo_msgs: 0.0.1 (/home/jetson/rinbo_ros_ws/install/rinbo_msgs/share/rinbo_msgs/cmake)
-- INSTALL_PREFIX: /home/jetson/rinbo_ros_ws/install
-- Found 92 ABSL libraries
-- Found 3 UTF8 libraries
-- Found 12 UPB libraries
-- === gRPC Core Libraries ===
-- grpc++: /home/jetson/rinbo_ros_ws/install/lib/libgrpc++.a
-- grpc: /home/jetson/rinbo_ros_ws/install/lib/libgrpc.a
-- gpr: /home/jetson/rinbo_ros_ws/install/lib/libgpr.a
-- protobuf: /home/jetson/rinbo_ros_ws/install/lib/libprotobuf.a
-- grpc++_reflection: /home/jetson/rinbo_ros_ws/install/lib/libgrpc++_reflection.a
-- === Custom Proto Libraries ===
-- grpc_proto_lib: /home/jetson/rinbo_ros_ws/install/lib/libgrpc_proto_lib.a
-- Motor_proto: /home/jetson/rinbo_ros_ws/install/lib/libMotor_proto.a
-- Power_proto: /home/jetson/rinbo_ros_ws/install/lib/libPower_proto.a
-- std_grpc_proto: /home/jetson/rinbo_ros_ws/install/lib/libstd_grpc_proto.a
-- registration_grpc_proto: /home/jetson/rinbo_ros_ws/install/lib/libregistration_grpc_proto.a
-- connection_grpc_proto: /home/jetson/rinbo_ros_ws/install/lib/libconnection_grpc_proto.a
-- serviceserving_grpc_proto: /home/jetson/rinbo_ros_ws/install/lib/libserviceserving_grpc_proto.a
-- Found ament_cmake_gtest: 1.3.11 (/opt/ros/humble/share/ament_cmake_gtest/cmake)
-- Found gtest sources under '/opt/ros/humble/src/gtest_vendor': C++ tests using 'Google Test' will be built
-- Configuring done
-- Generating done
-- Build files have been written to: /tmp/rinbo-power-handoff-build
